// Jest Snapshot v1, https://goo.gl/fbAQLP

exports[`ProgressiveImage renders correctly 1`] = `
<img
  alt="artwork 0"
  className="image"
  src="mock_long.jpg"
/>
`;
